Version Control With GIT

Plan -> Code -> Build -> Test -> Release -> Deploy -> Operate -> Monitor and the cycle repeates 


# Can be done offline

git init					- 	initialize empty git repository

Newfile (Working area) 		-	Untracked file
Add file to git repo		-	Add to git staging area
Commited to local git repo	- 	work tree is clean - no pending actions
------------------------------------------------------------------------ 
# Must be done online
Push local repo to remote repo



Commands

git version											-	Displays git version
git init 											- 	Initialize git repository
git status											- 	Displays the status of git repository
git add . / git add <filename>						-	Add all the in the repo when you specify (.) / add specific file in repo
git commit -m "message"								- 	Commit git repository by providing message		
git commit -am "message"							- 	Commit git repository by providing message

git config --global user.email "you@example.com"	-	For the first time when you try to commit without providing email id & user name these cmds 												   are to be executed with proper email id and name and then commit.	
git config --global user.name "Your Name"			-

git log												-	Displays the history of the git commands executed
git config --list									-	Lists the configuration settings from config file in git repository
git config user.name								-	Displays the username from config file in git repository
git config user.email								-	Displays the mailid from config file in git repository

git show											-	Displays the difference of old file and the new file

git {hit enter}										- 	Displays all the git commands


git help <command>									-	Document will be opening in browser for respective command{manual page}

git log --oneline									-	Displays logs line by line







output from server
-------------------
Notes: Go to your local repo: and type cmd and hit enter it will redirect to cmd line.  


#Displays Status
D:\VISHU\RHEL_DevOps_AWS\git>git status
fatal: not a git repository (or any of the parent directories): .git

#Initialize the repo
D:\VISHU\RHEL_DevOps_AWS\git>git init
Initialized empty Git repository in D:/VISHU/RHEL_DevOps_AWS/git/.git/

#Displays status
D:\VISHU\RHEL_DevOps_AWS\git>git status
On branch master

No commits yet

Untracked files:
  (use "git add <file>..." to include in what will be committed)
        git-notes.txt

nothing added to commit but untracked files present (use "git add" to track)

#Add all the files to git from local repo
D:\VISHU\RHEL_DevOps_AWS\git>git add .

#Display status
D:\VISHU\RHEL_DevOps_AWS\git>git status
On branch master

No commits yet

Changes to be committed:
  (use "git rm --cached <file>..." to unstage)
        new file:   git-notes.txt


#Commit changes
D:\VISHU\RHEL_DevOps_AWS\git>git commit
Author identity unknown

*** Please tell me who you are.

Run

  git config --global user.email "you@example.com"
  git config --global user.name "Your Name"

to set your account's default identity.
Omit --global to set the identity only in this repository.

fatal: unable to auto-detect email address (got 'AV-9383@VA-8393.(none)')

#Enter the login details of github
D:\VISHU\RHEL_DevOps_AWS\git>git config --global user.email "sunilvishwanathp@gmail.com"

D:\VISHU\RHEL_DevOps_AWS\git>git config --global user.name "Sunil"

#Commit changes with the message (-m)
D:\VISHU\RHEL_DevOps_AWS\git>git commit -m "First check-in"
[master (root-commit) c223db5] First check-in
 1 file changed, 19 insertions(+)
 create mode 100644 git-notes.txt

#Displays git status
D:\VISHU\RHEL_DevOps_AWS\git>git status
On branch master
nothing to commit, working tree clean

#Displays the previous executed command
D:\VISHU\RHEL_DevOps_AWS\git>git log
commit c223db5079fd452eb4def4c77dc72e9d025a0977 (HEAD -> master)
Author: Sunil <sunilvishwanathp@gmail.com>
Date:   Tue Dec 7 13:55:59 2021 +0530

    First check-in


#Displays the configuration of the local git
D:\VISHU\RHEL_DevOps_AWS\git>git config --list
diff.astextplain.textconv=astextplain
filter.lfs.clean=git-lfs clean -- %f
filter.lfs.smudge=git-lfs smudge -- %f
filter.lfs.process=git-lfs filter-process
filter.lfs.required=true
http.sslbackend=openssl
http.sslcainfo=C:/Program Files/Git/mingw64/ssl/certs/ca-bundle.crt
core.autocrlf=true
core.fscache=true
core.symlinks=false
pull.rebase=false
credential.helper=manager-core
credential.https://dev.azure.com.usehttppath=true
init.defaultbranch=master
user.email=sunilvishwanathp@gmail.com
user.name=Sunil
core.repositoryformatversion=0
core.filemode=false
core.bare=false
core.logallrefupdates=true
core.symlinks=false
core.ignorecase=true
user.name=Sunil
user.mail=sunilvishwanathp@gmail.com


#Displays the username set for git / github
D:\VISHU\RHEL_DevOps_AWS\git>git config user.name
Sunil

#Displays the email set for git / github
D:\VISHU\RHEL_DevOps_AWS\git>git config user.email
sunilvishwanathp@gmail.com

#Displays the git status
D:\VISHU\RHEL_DevOps_AWS\git>git status
On branch master
Changes not staged for commit:
  (use "git add <file>..." to update what will be committed)
  (use "git restore <file>..." to discard changes in working directory)
        modified:   git-notes.txt

Untracked files:
  (use "git add <file>..." to include in what will be committed)
        git-firstfile.txt

no changes added to commit (use "git add" and/or "git commit -a")

#Add local files to git
D:\VISHU\RHEL_DevOps_AWS\git>git add .

#Displays the git status
D:\VISHU\RHEL_DevOps_AWS\git>git status
On branch master
Changes to be committed:
  (use "git restore --staged <file>..." to unstage)
        new file:   git-firstfile.txt
        modified:   git-notes.txt

#Commit changes 
D:\VISHU\RHEL_DevOps_AWS\git>git commit -m "Changes made on git-notes & added new file to repo"
[master 2731c09] Changes made on git-notes & added new file to repo
 2 files changed, 137 insertions(+)
 create mode 100644 git-firstfile.txt

#Displays the git status
D:\VISHU\RHEL_DevOps_AWS\git>git status
On branch master
nothing to commit, working tree clean

#Displays the previous executed command
D:\VISHU\RHEL_DevOps_AWS\git>git log
commit 2731c09dd20791f6007c2c1ec216a325707e989b (HEAD -> master)
Author: Sunil <sunilvishwanathp@gmail.com>
Date:   Tue Dec 7 14:16:26 2021 +0530

    Changes made on git-notes & added new file to repo

commit c223db5079fd452eb4def4c77dc72e9d025a0977
Author: Sunil <sunilvishwanathp@gmail.com>
Date:   Tue Dec 7 13:55:59 2021 +0530

    First check-in

#Displays the contents in the local dir
D:\VISHU\RHEL_DevOps_AWS\git>dir
 Volume in drive D is SAM
 Volume Serial Number is 4A20-A0DD

 Directory of D:\VISHU\RHEL_DevOps_AWS\git

12/07/2021  02:15 PM    <DIR>          .
12/07/2021  02:15 PM    <DIR>          ..
12/07/2021  02:15 PM                24 git-firstfile.txt
12/07/2021  02:17 PM             5,724 git-notes.txt
               2 File(s)          5,748 bytes
               2 Dir(s)  498,028,916,736 bytes free
			   
			   
Note: When you create a repository in github you will see below details
Github			   
|-----------------------------------------------------------------------|

Quick setup — if you’ve done this kind of thing before
or	
git@github.com:sunil848/github-repo-07Dec2021.git
Get started by creating a new file or uploading an existing file. We recommend every repository include a README, LICENSE, and .gitignore.

…or create a new repository on the command line
echo "# github-repo-07Dec2021" >> README.md
git init
git add README.md
git commit -m "first commit"
git branch -M main
git remote add origin git@github.com:sunil848/github-repo-07Dec2021.git
git push -u origin main

Note: We are proceeding with below procedure, as we already created repo in local

…or 
push an existing repository from the command line to github

#Add github remote repo
git remote add origin git@github.com:sunil848/github-repo-07Dec2021.git

#Branching main 
git branch -M main

#
git push -u origin main

…or import code from another repository
You can initialize this repository with code from a Subversion, Mercurial, or TFS project.

On your system git cmd
|-----------------------------------------------------------------------|

D:\VISHU\RHEL_DevOps_AWS\git>git remote add origin git@github.com:sunil848/github-repo-07Dec2021.git

D:\VISHU\RHEL_DevOps_AWS\git>git remote -v
origin  git@github.com:sunil848/github-repo-07Dec2021.git (fetch)
origin  git@github.com:sunil848/github-repo-07Dec2021.git (push)

D:\VISHU\RHEL_DevOps_AWS\git>git branch
* master

D:\VISHU\RHEL_DevOps_AWS\git>git push -u origin master
The authenticity of host 'github.com (13.234.210.38)' can't be established.
ED25519 key fingerprint is SHA256:+DiY3wvvV6TuJJhbpZisF/zLDA0zPMSvHdkr4UvCOqU.
This key is not known by any other names
Are you sure you want to continue connecting (yes/no/[fingerprint])? yes
Warning: Permanently added 'github.com' (ED25519) to the list of known hosts.
git@github.com: Permission denied (publickey).
fatal: Could not read from remote repository.

Please make sure you have the correct access rights
and the repository exists.

D:\VISHU\RHEL_DevOps_AWS\git>git push -u origin main
error: src refspec main does not match any
error: failed to push some refs to 'github.com:sunil848/github-repo-07Dec2021.git'

D:\VISHU\RHEL_DevOps_AWS\git>git push -u origin master
git@github.com: Permission denied (publickey).
fatal: Could not read from remote repository.

Please make sure you have the correct access rights
and the repository exists.

D:\VISHU\RHEL_DevOps_AWS\git>ssh -vT git@github.com
OpenSSH_for_Windows_8.1p1, LibreSSL 3.0.2
debug1: Connecting to github.com [13.234.210.38] port 22.
debug1: Connection established.
debug1: identity file C:\\Users\\sunil/.ssh/id_rsa type -1
debug1: identity file C:\\Users\\sunil/.ssh/id_rsa-cert type -1
debug1: identity file C:\\Users\\sunil/.ssh/id_dsa type -1
debug1: identity file C:\\Users\\sunil/.ssh/id_dsa-cert type -1
debug1: identity file C:\\Users\\sunil/.ssh/id_ecdsa type -1
debug1: identity file C:\\Users\\sunil/.ssh/id_ecdsa-cert type -1
debug1: identity file C:\\Users\\sunil/.ssh/id_ed25519 type -1
debug1: identity file C:\\Users\\sunil/.ssh/id_ed25519-cert type -1
debug1: identity file C:\\Users\\sunil/.ssh/id_xmss type -1
debug1: identity file C:\\Users\\sunil/.ssh/id_xmss-cert type -1
debug1: Local version string SSH-2.0-OpenSSH_for_Windows_8.1
debug1: Remote protocol version 2.0, remote software version babeld-8eb00d7e
debug1: no match: babeld-8eb00d7e
debug1: Authenticating to github.com:22 as 'git'
debug1: SSH2_MSG_KEXINIT sent
debug1: SSH2_MSG_KEXINIT received
debug1: kex: algorithm: curve25519-sha256
debug1: kex: host key algorithm: ssh-ed25519
debug1: kex: server->client cipher: chacha20-poly1305@openssh.com MAC: <implicit> compression: none
debug1: kex: client->server cipher: chacha20-poly1305@openssh.com MAC: <implicit> compression: none
debug1: expecting SSH2_MSG_KEX_ECDH_REPLY
debug1: Server host key: ssh-ed25519 SHA256:+DiY3wvvV6TuJJhbpZisF/zLDA0zPMSvHdkr4UvCOqU
debug1: Host 'github.com' is known and matches the ED25519 host key.
debug1: Found key in C:\\Users\\sunil/.ssh/known_hosts:1
Warning: Permanently added the ED25519 host key for IP address '13.234.210.38' to the list of known hosts.
debug1: rekey out after 134217728 blocks
debug1: SSH2_MSG_NEWKEYS sent
debug1: expecting SSH2_MSG_NEWKEYS
debug1: SSH2_MSG_NEWKEYS received
debug1: rekey in after 134217728 blocks
debug1: pubkey_prepare: ssh_get_authentication_socket: No such file or directory
debug1: Will attempt key: C:\\Users\\sunil/.ssh/id_rsa
debug1: Will attempt key: C:\\Users\\sunil/.ssh/id_dsa
debug1: Will attempt key: C:\\Users\\sunil/.ssh/id_ecdsa
debug1: Will attempt key: C:\\Users\\sunil/.ssh/id_ed25519
debug1: Will attempt key: C:\\Users\\sunil/.ssh/id_xmss
debug1: SSH2_MSG_EXT_INFO received
debug1: kex_input_ext_info: server-sig-algs=<ssh-ed25519-cert-v01@openssh.com,ecdsa-sha2-nistp521-cert-v01@openssh.com,ecdsa-sha2-nistp384-cert-v01@openssh.com,ecdsa-sha2-nistp256-cert-v01@openssh.com,sk-ssh-ed25519-cert-v01@openssh.com,sk-ecdsa-sha2-nistp256-cert-v01@openssh.com,rsa-sha2-512-cert-v01@openssh.com,rsa-sha2-256-cert-v01@openssh.com,ssh-rsa-cert-v01@openssh.com,ssh-dss-cert-v01@openssh.com,sk-ssh-ed25519@openssh.com,sk-ecdsa-sha2-nistp256@openssh.com,ssh-ed25519,ecdsa-sha2-nistp521,ecdsa-sha2-nistp384,ecdsa-sha2-nistp256,rsa-sha2-512,rsa-sha2-256,ssh-rsa,ssh-dss>
debug1: SSH2_MSG_SERVICE_ACCEPT received
debug1: Authentications that can continue: publickey
debug1: Next authentication method: publickey
debug1: Trying private key: C:\\Users\\sunil/.ssh/id_rsa
debug1: Trying private key: C:\\Users\\sunil/.ssh/id_dsa
debug1: Trying private key: C:\\Users\\sunil/.ssh/id_ecdsa
debug1: Trying private key: C:\\Users\\sunil/.ssh/id_ed25519
debug1: Trying private key: C:\\Users\\sunil/.ssh/id_xmss
debug1: No more authentication methods to try.
git@github.com: Permission denied (publickey).


#
D:\VISHU\RHEL_DevOps_AWS\git>ssh -T sunil848@github.com
Warning: Permanently added the ED25519 host key for IP address '13.234.176.102' to the list of known hosts.
sunil848@github.com: Permission denied (publickey).

D:\VISHU\RHEL_DevOps_AWS\git>ssh -T Sunil@github.com
Sunil@github.com: Permission denied (publickey).

D:\VISHU\RHEL_DevOps_AWS\git>ssh -T sunil848@github.com
sunil848@github.com: Permission denied (publickey).

D:\VISHU\RHEL_DevOps_AWS\git>ssh-agent -s
unable to start ssh-agent service, error :1058

D:\VISHU\RHEL_DevOps_AWS\git>

|-----------------------------------------------------------------------|
Error fix

"I keep getting a 'Permission Denied (publickey)' error when I push!"
This means, on your local machine, you haven't made any SSH keys. Not to worry. Here's how to fix:

Open git bash (Use the Windows search. To find it, type "git bash") or the Mac Terminal. Pro Tip: You can use any *nix based command prompt (but not the default Windows Command Prompt!)

Type cd ~/.ssh. This will take you to the root directory for Git (Likely C:\Users\[YOUR-USER-NAME]\.ssh\ on Windows)

Within the .ssh folder, there should be these two files: id_rsa and id_rsa.pub. These are the files that tell your computer how to communicate with GitHub, BitBucket, or any other Git based service. Type ls to see a directory listing. If those two files don't show up, proceed to the next step. NOTE: Your SSH keys must be named id_rsa and id_rsa.pub in order for Git, GitHub, and BitBucket to recognize them by default.

To create the SSH keys, type ssh-keygen -t rsa -C "your_email@example.com". This will create both id_rsa and id_rsa.pub files.

Now, go and open id_rsa.pub in your favorite text editor (you can do this via Windows Explorer or the OSX Finder if you like, typing open . will open the folder).

Copy the contents--exactly as it appears, with no extra spaces or lines--of id_rsa.pub and paste it into GitHub and/or BitBucket under the Account Settings > SSH Keys. NOTE: I like to give the SSH key a descriptive name, usually with the name of the workstation I'm on along with the date.

Now that you've added your public key to Github and/or BitBucket, try to git push again and see if it works. It should!


In git bash
|-----------------------------------------------------------------------|


AV-9383@VA-8393 MINGW64 /d/VISHU/RHEL_DevOps_AWS/git/.git (GIT_DIR!)
$ cd ~/.ssh

AV-9383@VA-8393 MINGW64 ~/.ssh
$ pwd
/c/Users/sunil/.ssh

AV-9383@VA-8393 MINGW64 ~/.ssh
$ ls =lart
ls: cannot access '=lart': No such file or directory

AV-9383@VA-8393 MINGW64 ~/.ssh
$ ls -lart
total 13
drwxr-xr-x 1 AV-9383 197609   0 Dec  7 14:34 ../
drwxr-xr-x 1 AV-9383 197609   0 Dec  7 14:34 ./
-rw-r--r-- 1 AV-9383 197609 285 Dec  7 14:40 known_hosts

AV-9383@VA-8393 MINGW64 ~/.ssh
$ ls -la
total 13
drwxr-xr-x 1 AV-9383 197609   0 Dec  7 14:34 ./
drwxr-xr-x 1 AV-9383 197609   0 Dec  7 14:34 ../
-rw-r--r-- 1 AV-9383 197609 285 Dec  7 14:40 known_hosts

AV-9383@VA-8393 MINGW64 ~/.ssh
$ pwd
/c/Users/sunil/.ssh

AV-9383@VA-8393 MINGW64 ~/.ssh
$ ssh-keygen -t rsa -C "sunilvishwanathp@gmail.com"
Generating public/private rsa key pair.
Enter file in which to save the key (/c/Users/sunil/.ssh/id_rsa):
Enter passphrase (empty for no passphrase):
Enter same passphrase again:
Your identification has been saved in /c/Users/sunil/.ssh/id_rsa
Your public key has been saved in /c/Users/sunil/.ssh/id_rsa.pub
The key fingerprint is:
SHA256:X2qguqXEpmnT4FUdwodgkJ6lIoZFvc6mWYeZX2HDcxs sunilvishwanathp@gmail.com
The key's randomart image is:
+---[RSA 3072]----+
| .o+oo .         |
|  o.o + o        |
|.o + . = .       |
|+.+ . . B E      |
|o. o = .S= o.    |
|  ..X ...o.o     |
| . O+oo.  +      |
|  *=.+.  .       |
| .o.+.           |
+----[SHA256]-----+

AV-9383@VA-8393 MINGW64 ~/.ssh
$ ls -lart
total 18
drwxr-xr-x 1 AV-9383 197609    0 Dec  7 14:34 ../
-rw-r--r-- 1 AV-9383 197609  285 Dec  7 14:40 known_hosts
-rw-r--r-- 1 AV-9383 197609 2610 Dec  7 14:47 id_rsa
-rw-r--r-- 1 AV-9383 197609  580 Dec  7 14:47 id_rsa.pub
drwxr-xr-x 1 AV-9383 197609    0 Dec  7 14:47 ./

AV-9383@VA-8393 MINGW64 ~/.ssh
$ cat id_rsa.pub
ssh-rsa AAAAB3NzaC1yc2EAAAADAQABAAABgQC5KYnar8Bjiy6ZGa7zSRdGuyvl+AxGo5qY9i6188vHuP9KkGXuXcm7qfuA63oT516lDFouoRxQUmJ0jU3NaRvj36FVg3rTFkyRtbKt+zIzD48XAb2E4fd90vttI7GGOk5FeUOylC0qYAexBTSe22lB3I6UsK0eN83O/eJLnVxqVh0AhvI9mlpo8QGgy6nSVfYsnwmzYUyeUwsd3uGI3792X5yEq8ciTsye0AVtsVZMwgLBGmaGAc269hdcRw5AisfuszPDsIWoK0zs6WFpF6QDv9eGHTZjbBR84G0ENW5nP44QwMiFJ1YOr+4vg8KJ4JPK4W0Hn/hDVwQJJ3AIcpNFwqqDBXEL+gHN+aI66NhCAdqJc297ZmxEuDtME55mAnOoVoupfRC90fkMgKmACOSc0OPJ1+esH8Eg0GdN0+BSjV9XetnnXW6V8PFSi17wju16KfpP1hUfnI+UYJjJK4PU9IAD6tz+fszZI2BtNshwd9ynsTcxRrT7PZ50LJaZxc0= sunilvishwanathp@gmail.com

AV-9383@VA-8393 MINGW64 ~/.ssh
$

|-----------------------------------------------------------------------|
In local system using git cmd


D:\VISHU\RHEL_DevOps_AWS\git>git push -u origin master
Enumerating objects: 7, done.
Counting objects: 100% (7/7), done.
Delta compression using up to 40 threads
Compressing objects: 100% (5/5), done.
Writing objects: 100% (7/7), 2.07 KiB | 1.04 MiB/s, done.
Total 7 (delta 1), reused 0 (delta 0), pack-reused 0
remote: Resolving deltas: 100% (1/1), done.
To github.com:sunil848/github-repo-07Dec2021.git
 * [new branch]      master -> master
Branch 'master' set up to track remote branch 'master' from 'origin'.

D:\VISHU\RHEL_DevOps_AWS\git>


D:\VISHU\RHEL_DevOps_AWS\git>git status
On branch master
Your branch is up to date with 'origin/master'.

Changes not staged for commit:
  (use "git add <file>..." to update what will be committed)
  (use "git restore <file>..." to discard changes in working directory)
        modified:   git-notes.txt

no changes added to commit (use "git add" and/or "git commit -a")

D:\VISHU\RHEL_DevOps_AWS\git>git add .

D:\VISHU\RHEL_DevOps_AWS\git>git commit -m "Updated notes in git-notes file"
[master edb6e4d] Updated notes in git-notes file
 1 file changed, 301 insertions(+)

D:\VISHU\RHEL_DevOps_AWS\git>git status
On branch master
Your branch is ahead of 'origin/master' by 1 commit.
  (use "git push" to publish your local commits)

nothing to commit, working tree clean

D:\VISHU\RHEL_DevOps_AWS\git>git push -u origin master
Enumerating objects: 5, done.
Counting objects: 100% (5/5), done.
Delta compression using up to 40 threads
Compressing objects: 100% (3/3), done.
Writing objects: 100% (3/3), 5.77 KiB | 2.89 MiB/s, done.
Total 3 (delta 0), reused 0 (delta 0), pack-reused 0
To github.com:sunil848/github-repo-07Dec2021.git
   2731c09..edb6e4d  master -> master
Branch 'master' set up to track remote branch 'master' from 'origin'.

D:\VISHU\RHEL_DevOps_AWS\git>git status
On branch master
Your branch is up to date with 'origin/master'.

Changes not staged for commit:
  (use "git add <file>..." to update what will be committed)
  (use "git restore <file>..." to discard changes in working directory)
        modified:   git-notes.txt

no changes added to commit (use "git add" and/or "git commit -a")

D:\VISHU\RHEL_DevOps_AWS\git>git add .

D:\VISHU\RHEL_DevOps_AWS\git>git commit -m "Updated notes in git-notes file"
[master edb6e4d] Updated notes in git-notes file
 1 file changed, 301 insertions(+)

D:\VISHU\RHEL_DevOps_AWS\git>git status
On branch master
Your branch is ahead of 'origin/master' by 1 commit.
  (use "git push" to publish your local commits)

nothing to commit, working tree clean

D:\VISHU\RHEL_DevOps_AWS\git>git push -u origin master
Enumerating objects: 5, done.
Counting objects: 100% (5/5), done.
Delta compression using up to 40 threads
Compressing objects: 100% (3/3), done.
Writing objects: 100% (3/3), 5.77 KiB | 2.89 MiB/s, done.
Total 3 (delta 0), reused 0 (delta 0), pack-reused 0
To github.com:sunil848/github-repo-07Dec2021.git
   2731c09..edb6e4d  master -> master
Branch 'master' set up to track remote branch 'master' from 'origin'.

#Git commands
D:\VISHU\RHEL_DevOps_AWS\git>git
usage: git [--version] [--help] [-C <path>] [-c <name>=<value>]
           [--exec-path[=<path>]] [--html-path] [--man-path] [--info-path]
           [-p | --paginate | -P | --no-pager] [--no-replace-objects] [--bare]
           [--git-dir=<path>] [--work-tree=<path>] [--namespace=<name>]
           [--super-prefix=<path>] [--config-env=<name>=<envvar>]
           <command> [<args>]

These are common Git commands used in various situations:

start a working area (see also: git help tutorial)
   clone     Clone a repository into a new directory
   init      Create an empty Git repository or reinitialize an existing one

work on the current change (see also: git help everyday)
   add       Add file contents to the index
   mv        Move or rename a file, a directory, or a symlink
   restore   Restore working tree files
   rm        Remove files from the working tree and from the index

examine the history and state (see also: git help revisions)
   bisect    Use binary search to find the commit that introduced a bug
   diff      Show changes between commits, commit and working tree, etc
   grep      Print lines matching a pattern
   log       Show commit logs
   show      Show various types of objects
   status    Show the working tree status

grow, mark and tweak your common history
   branch    List, create, or delete branches
   commit    Record changes to the repository
   merge     Join two or more development histories together
   rebase    Reapply commits on top of another base tip
   reset     Reset current HEAD to the specified state
   switch    Switch branches
   tag       Create, list, delete or verify a tag object signed with GPG

collaborate (see also: git help workflows)
   fetch     Download objects and refs from another repository
   pull      Fetch from and integrate with another repository or a local branch
   push      Update remote refs along with associated objects

'git help -a' and 'git help -g' list available subcommands and some
concept guides. See 'git help <command>' or 'git help <concept>'
to read about a specific subcommand or concept.
See 'git help git' for an overview of the system.



#Lists files in local repo
D:\VISHU\RHEL_DevOps_AWS\git>dir
 Volume in drive D is SAM
 Volume Serial Number is 4A20-A0DD

 Directory of D:\VISHU\RHEL_DevOps_AWS\git

12/07/2021  02:15 PM    <DIR>          .
12/07/2021  02:15 PM    <DIR>          ..
12/07/2021  02:15 PM                24 git-firstfile.txt
12/08/2021  12:08 AM            22,625 git-notes.txt
               2 File(s)         22,649 bytes
               2 Dir(s)  498,028,883,968 bytes free


D:\VISHU\RHEL_DevOps_AWS\git>git status
On branch master
Your branch is up to date with 'origin/master'.

Changes not staged for commit:
  (use "git add <file>..." to update what will be committed)
  (use "git restore <file>..." to discard changes in working directory)
        modified:   git-notes.txt

Untracked files:
  (use "git add <file>..." to include in what will be committed)
        git-secondfile.txt

no changes added to commit (use "git add" and/or "git commit -a")

#
D:\VISHU\RHEL_DevOps_AWS\git>git add .

D:\VISHU\RHEL_DevOps_AWS\git>git commit -am "git-notes file updated & created git-second file"
[master c4da57d] git-notes file updated & created git-second file
 2 files changed, 53 insertions(+), 3 deletions(-)
 create mode 100644 git-secondfile.txt

#
D:\VISHU\RHEL_DevOps_AWS\git>git status
On branch master
Your branch is ahead of 'origin/master' by 1 commit.
  (use "git push" to publish your local commits)

nothing to commit, working tree clean

#
D:\VISHU\RHEL_DevOps_AWS\git>git log
commit c4da57d8449b371c1d454552c590c5e1f81137e9 (HEAD -> master)
Author: Sunil <sunilvishwanathp@gmail.com>
Date:   Wed Dec 8 00:12:29 2021 +0530

    git-notes file updated & created git-second file

commit 2bb7c25107ef7c520ed0d5ea85f34e19951d5407 (origin/master)
Author: Sunil <sunilvishwanathp@gmail.com>
Date:   Tue Dec 7 23:51:22 2021 +0530

    git-notes file updated

commit edb6e4df537c45d509b8d289830f4fda8c5680b3
Author: Sunil <sunilvishwanathp@gmail.com>
Date:   Tue Dec 7 14:56:31 2021 +0530

    Updated notes in git-notes file

commit 2731c09dd20791f6007c2c1ec216a325707e989b
Author: Sunil <sunilvishwanathp@gmail.com>
Date:   Tue Dec 7 14:16:26 2021 +0530

    Changes made on git-notes & added new file to repo

commit c223db5079fd452eb4def4c77dc72e9d025a0977
Author: Sunil <sunilvishwanathp@gmail.com>
Date:   Tue Dec 7 13:55:59 2021 +0530

    First check-in

#
D:\VISHU\RHEL_DevOps_AWS\git>git push
Enumerating objects: 6, done.
Counting objects: 100% (6/6), done.
Delta compression using up to 40 threads
Compressing objects: 100% (3/3), done.
Writing objects: 100% (4/4), 1.56 KiB | 399.00 KiB/s, done.
Total 4 (delta 1), reused 0 (delta 0), pack-reused 0
remote: Resolving deltas: 100% (1/1), completed with 1 local object.
To github.com:sunil848/github-repo-07Dec2021.git
   2bb7c25..c4da57d  master -> master

#
D:\VISHU\RHEL_DevOps_AWS\git>dir
 Volume in drive D is SAM
 Volume Serial Number is 4A20-A0DD

 Directory of D:\VISHU\RHEL_DevOps_AWS\git

12/08/2021  12:11 AM    <DIR>          .
12/08/2021  12:11 AM    <DIR>          ..
12/07/2021  02:15 PM                24 git-firstfile.txt
12/08/2021  12:08 AM            22,625 git-notes.txt
12/08/2021  12:11 AM                 0 git-secondfile.txt
               3 File(s)         22,649 bytes
               2 Dir(s)  498,028,343,296 bytes free


#
D:\VISHU\RHEL_DevOps_AWS\git>git rm git-secondfile.txt
rm 'git-secondfile.txt'

#
D:\VISHU\RHEL_DevOps_AWS\git>git status
On branch master
Your branch is up to date with 'origin/master'.

Changes to be committed:
  (use "git restore --staged <file>..." to unstage)
        deleted:    git-secondfile.txt

#
D:\VISHU\RHEL_DevOps_AWS\git>git commit -am "Deleted git-secondfile"
[master 675ef76] Deleted git-secondfile
 1 file changed, 0 insertions(+), 0 deletions(-)
 delete mode 100644 git-secondfile.txt

#
D:\VISHU\RHEL_DevOps_AWS\git>git status
On branch master
Your branch is ahead of 'origin/master' by 1 commit.
  (use "git push" to publish your local commits)

nothing to commit, working tree clean

#
D:\VISHU\RHEL_DevOps_AWS\git>git push
Enumerating objects: 3, done.
Counting objects: 100% (3/3), done.
Delta compression using up to 40 threads
Compressing objects: 100% (2/2), done.
Writing objects: 100% (2/2), 232 bytes | 116.00 KiB/s, done.
Total 2 (delta 1), reused 0 (delta 0), pack-reused 0
remote: Resolving deltas: 100% (1/1), completed with 1 local object.
To github.com:sunil848/github-repo-07Dec2021.git
   c4da57d..675ef76  master -> master

#
D:\VISHU\RHEL_DevOps_AWS\git>git log
commit 675ef7680226ce4358885fb080154ca4980bcab2 (HEAD -> master, origin/master)
Author: Sunil <sunilvishwanathp@gmail.com>
Date:   Wed Dec 8 00:14:19 2021 +0530

    Deleted git-secondfile

commit c4da57d8449b371c1d454552c590c5e1f81137e9
Author: Sunil <sunilvishwanathp@gmail.com>
Date:   Wed Dec 8 00:12:29 2021 +0530

    git-notes file updated & created git-second file

commit 2bb7c25107ef7c520ed0d5ea85f34e19951d5407
Author: Sunil <sunilvishwanathp@gmail.com>
Date:   Tue Dec 7 23:51:22 2021 +0530

    git-notes file updated

commit edb6e4df537c45d509b8d289830f4fda8c5680b3
Author: Sunil <sunilvishwanathp@gmail.com>
Date:   Tue Dec 7 14:56:31 2021 +0530

    Updated notes in git-notes file

commit 2731c09dd20791f6007c2c1ec216a325707e989b
Author: Sunil <sunilvishwanathp@gmail.com>
Date:   Tue Dec 7 14:16:26 2021 +0530

    Changes made on git-notes & added new file to repo

commit c223db5079fd452eb4def4c77dc72e9d025a0977
Author: Sunil <sunilvishwanathp@gmail.com>
Date:   Tue Dec 7 13:55:59 2021 +0530

    First check-in


#
D:\VISHU\RHEL_DevOps_AWS\git>git log --oneline
62efff6 (HEAD -> master, origin/master) Updated git-notes 09-Dec-2021
675ef76 Deleted git-secondfile
c4da57d git-notes file updated & created git-second file
2bb7c25 git-notes file updated
edb6e4d Updated notes in git-notes file
2731c09 Changes made on git-notes & added new file to repo
c223db5 First check-in

Creating New Branch
|-----------------------------------------------------------------------|

D:\VISHU\RHEL_DevOps_AWS\git>git branch
* master

D:\VISHU\RHEL_DevOps_AWS\git>git branch master-repo

D:\VISHU\RHEL_DevOps_AWS\git>git branch
* master
  master-repo

D:\VISHU\RHEL_DevOps_AWS\git>git checkout master-repo
Switched to branch 'master-repo'
M       git-notes.txt

D:\VISHU\RHEL_DevOps_AWS\git>git branch
  master
* master-repo

D:\VISHU\RHEL_DevOps_AWS\git>git status
On branch master-repo
Changes not staged for commit:
  (use "git add <file>..." to update what will be committed)
  (use "git restore <file>..." to discard changes in working directory)
        modified:   git-notes.txt

Untracked files:
  (use "git add <file>..." to include in what will be committed)
        git-testfile1.txt

no changes added to commit (use "git add" and/or "git commit -a")

D:\VISHU\RHEL_DevOps_AWS\git>git add .

D:\VISHU\RHEL_DevOps_AWS\git>git commit -m "Updated git-notes on 09Dec2021 & created a newfile git-testfile1"
[master-repo f0e9cca] Updated git-notes on 09Dec2021 & created a newfile git-testfile1
 2 files changed, 34 insertions(+), 1 deletion(-)
 create mode 100644 git-testfile1.txt

D:\VISHU\RHEL_DevOps_AWS\git>git status
On branch master-repo
nothing to commit, working tree clean

D:\VISHU\RHEL_DevOps_AWS\git>git log --oneline
f0e9cca (HEAD -> master-repo) Updated git-notes on 09Dec2021 & created a newfile git-testfile1
62efff6 (origin/master, master) Updated git-notes 09-Dec-2021
675ef76 Deleted git-secondfile
c4da57d git-notes file updated & created git-second file
2bb7c25 git-notes file updated
edb6e4d Updated notes in git-notes file
2731c09 Changes made on git-notes & added new file to repo
c223db5 First check-in


D:\VISHU\RHEL_DevOps_AWS\git>git push -u origin master-repo
Enumerating objects: 9, done.
Counting objects: 100% (9/9), done.
Delta compression using up to 40 threads
Compressing objects: 100% (7/7), done.
Writing objects: 100% (7/7), 1.24 KiB | 633.00 KiB/s, done.
Total 7 (delta 2), reused 0 (delta 0), pack-reused 0
remote: Resolving deltas: 100% (2/2), completed with 1 local object.
remote:
remote: Create a pull request for 'master-repo' on GitHub by visiting:
remote:      https://github.com/sunil848/github-repo-07Dec2021/pull/new/master-repo
remote:
To github.com:sunil848/github-repo-07Dec2021.git
 * [new branch]      master-repo -> master-repo
Branch 'master-repo' set up to track remote branch 'master-repo' from 'origin'.

D:\VISHU\RHEL_DevOps_AWS\git>

Git clone
|-----------------------------------------------------------------------|

D:\VISHU\RHEL_DevOps_AWS\git>git branch
  master
* master-repo

D:\VISHU\RHEL_DevOps_AWS\git>git status
On branch master-repo
Your branch is up to date with 'origin/master-repo'.

nothing to commit, working tree clean


D:\VISHU\RHEL_DevOps_AWS\git>c:

C:\>cd Users

C:\Users>dir
 Volume in drive C is DMZ
 Volume Serial Number is 148F-3654

 Directory of C:\Users

10/21/2021  11:51 AM    <DIR>          .
10/21/2021  11:51 AM    <DIR>          ..
10/21/2021  11:51 AM    <DIR>          defaultuser100000
05/08/2021  08:15 PM    <DIR>          Public
12/24/2021  03:50 PM    <DIR>          sunil
               0 File(s)              0 bytes
               5 Dir(s)  138,189,516,800 bytes free

C:\Users>cd sunil

C:\Users\sunil>git clone https://github.com/sunil848/github-repo-07Dec2021.git
Cloning into 'github-repo-07Dec2021'...
remote: Enumerating objects: 35, done.
remote: Counting objects: 100% (6/6), done.
remote: Compressing objects: 100% (5/5), done.

Receiving objects: 100% (35/35), 20.48 KiB | 1.86 MiB/s, done.
Resolving deltas: 100% (9/9), done.

C:\Users\sunil>dir
 Volume in drive C is DMZ
 Volume Serial Number is 148F-3654

 Directory of C:\Users\sunil

12/24/2021  03:57 PM    <DIR>          .
12/24/2021  03:57 PM    <DIR>          ..
05/08/2021  11:21 PM    <DIR>          .android
09/07/2021  11:08 PM    <DIR>          .atom
12/08/2021  12:16 AM               218 .bash_history
06/22/2021  01:46 PM    <DIR>          .config
06/22/2021  02:00 PM    <DIR>          .dotnet
12/07/2021  01:52 PM                57 .gitconfig
12/24/2021  03:50 PM                20 .lesshst
12/07/2021  02:47 PM    <DIR>          .ssh
12/07/2021  01:53 PM             1,033 .viminfo
11/01/2021  12:57 AM    <DIR>          .VirtualBox
05/05/2021  03:00 PM    <DIR>          3D Objects
08/11/2021  07:14 PM    <DIR>          Apple
05/05/2021  03:00 PM    <DIR>          Contacts
06/22/2021  02:11 PM    <DIR>          demo-anu-app
12/18/2021  11:09 PM    <DIR>          Desktop
10/30/2021  07:59 PM    <DIR>          Documents
12/20/2021  08:54 PM    <DIR>          Downloads
05/05/2021  03:00 PM    <DIR>          Favorites
12/24/2021  03:57 PM    <DIR>          github-repo-07Dec2021   --> Remote repository is cloned to local system in new location {C:\Users\sunil}
05/05/2021  03:00 PM    <DIR>          Links
08/11/2021  07:11 PM    <DIR>          Music
08/11/2021  07:07 PM    <DIR>          OneDrive
08/11/2021  07:57 PM    <DIR>          Pictures
05/05/2021  03:00 PM    <DIR>          Saved Games
05/05/2021  03:01 PM    <DIR>          Searches
06/22/2021  02:10 PM    <DIR>          source
05/16/2021  10:38 AM    <DIR>          Videos
10/31/2021  09:23 PM    <DIR>          VirtualBox VMs
               4 File(s)          1,328 bytes
              26 Dir(s)  138,189,324,288 bytes free

C:\Users\sunil>

Pull remote repo to local repo
|-----------------------------------------------------------------------|


D:\VISHU\RHEL_DevOps_AWS\git>git branch
  master
* master-repo

D:\VISHU\RHEL_DevOps_AWS\git>git branch UAT

D:\VISHU\RHEL_DevOps_AWS\git>git branch
  UAT
  master
* master-repo

D:\VISHU\RHEL_DevOps_AWS\git>git checkout UAT
Switched to branch 'UAT'

D:\VISHU\RHEL_DevOps_AWS\git>git branch
* UAT
  master
  master-repo

D:\VISHU\RHEL_DevOps_AWS\git>git checkout master-repo
Switched to branch 'master-repo'
Your branch is up to date with 'origin/master-repo'.

D:\VISHU\RHEL_DevOps_AWS\git>git branch
  UAT
  master
* master-repo

D:\VISHU\RHEL_DevOps_AWS\git>git status
On branch master-repo
Your branch is up to date with 'origin/master-repo'.

nothing to commit, working tree clean

D:\VISHU\RHEL_DevOps_AWS\git>git checkout master
Switched to branch 'master'
Your branch is up to date with 'origin/master'.

D:\VISHU\RHEL_DevOps_AWS\git>git branch
  UAT
* master
  master-repo

D:\VISHU\RHEL_DevOps_AWS\git>git pull origin master
From github.com:sunil848/github-repo-07Dec2021
 * branch            master     -> FETCH_HEAD
Already up to date.

D:\VISHU\RHEL_DevOps_AWS\git>git status
On branch master
Your branch is up to date with 'origin/master'.

nothing to commit, working tree clean


#############################################


D:\VISHU\RHEL_DevOps_AWS\git>git branch
  UAT
* master
  master-repo

D:\VISHU\RHEL_DevOps_AWS\git>git checkout master-repo
Switched to branch 'master-repo'
Your branch is up to date with 'origin/master-repo'.

D:\VISHU\RHEL_DevOps_AWS\git>git pull origin master-repo
From github.com:sunil848/github-repo-07Dec2021
 * branch            master-repo -> FETCH_HEAD
Already up to date.

D:\VISHU\RHEL_DevOps_AWS\git>

|-----------------------------------------------------------------------|

Deleting a branch

D:\VISHU\RHEL_DevOps_AWS\git>git branch
  UAT
  delete
  master
* master-repo
  rm

D:\VISHU\RHEL_DevOps_AWS\git>git branch -d rm
Deleted branch rm (was b31804e).

D:\VISHU\RHEL_DevOps_AWS\git>git branch -d delete
Deleted branch delete (was b31804e).

D:\VISHU\RHEL_DevOps_AWS\git>git branch -d UAT
Deleted branch UAT (was b31804e).

D:\VISHU\RHEL_DevOps_AWS\git>git branch
  master
* master-repo

D:\VISHU\RHEL_DevOps_AWS\git>
|-----------------------------------------------------------------------|
Creating a new branch and switch to the new branch using single command

D:\VISHU\RHEL_DevOps_AWS\git>git checkout -b UAT
Switched to a new branch 'UAT'

D:\VISHU\RHEL_DevOps_AWS\git>git branch
* UAT
  master
  master-repo
|-----------------------------------------------------------------------|
Merging content of one branch to another

D:\VISHU\RHEL_DevOps_AWS\git>git checkout UAT
Switched to branch 'UAT'

D:\VISHU\RHEL_DevOps_AWS\git>git status
On branch UAT
Untracked files:
  (use "git add <file>..." to include in what will be committed)
        uat.txt

nothing added to commit but untracked files present (use "git add" to track)

D:\VISHU\RHEL_DevOps_AWS\git>git add uat.txt

D:\VISHU\RHEL_DevOps_AWS\git>git commit -m "Added uat.txt file on 25-12-2021"
[UAT 0f101d6] Added uat.txt file on 25-12-2021
 1 file changed, 1 insertion(+)
 create mode 100644 uat.txt

D:\VISHU\RHEL_DevOps_AWS\git>git push -u origin UAT
Enumerating objects: 4, done.
Counting objects: 100% (4/4), done.
Delta compression using up to 40 threads
Compressing objects: 100% (2/2), done.
Writing objects: 100% (3/3), 327 bytes | 163.00 KiB/s, done.
Total 3 (delta 1), reused 0 (delta 0), pack-reused 0
remote: Resolving deltas: 100% (1/1), completed with 1 local object.
remote:
remote: Create a pull request for 'UAT' on GitHub by visiting:
remote:      https://github.com/sunil848/github-repo-07Dec2021/pull/new/UAT
remote:
To github.com:sunil848/github-repo-07Dec2021.git
 * [new branch]      UAT -> UAT
Branch 'UAT' set up to track remote branch 'UAT' from 'origin'.

D:\VISHU\RHEL_DevOps_AWS\git>git branch
* UAT
  master
  master-repo

D:\VISHU\RHEL_DevOps_AWS\git>git checkout master
Switched to branch 'master'
Your branch is up to date with 'origin/master'.

D:\VISHU\RHEL_DevOps_AWS\git>git branch
  UAT
* master
  master-repo

D:\VISHU\RHEL_DevOps_AWS\git>git merge UAT
Updating 62efff6..0f101d6
Fast-forward
 git-notes.txt     | 246 +++++++++++++++++++++++++++++++++++++++++++++++++-----
 git-testfile1.txt |   1 +
 uat.txt           |   1 +
 3 files changed, 227 insertions(+), 21 deletions(-)
 create mode 100644 git-testfile1.txt
 create mode 100644 uat.txt

D:\VISHU\RHEL_DevOps_AWS\git>git status
On branch master
Your branch is ahead of 'origin/master' by 6 commits.
  (use "git push" to publish your local commits)

nothing to commit, working tree clean


D:\VISHU\RHEL_DevOps_AWS\git>git push
Total 0 (delta 0), reused 0 (delta 0), pack-reused 0
To github.com:sunil848/github-repo-07Dec2021.git
   62efff6..0f101d6  master -> master

Example:2

D:\VISHU\RHEL_DevOps_AWS\git>git status
On branch UAT
Your branch is up to date with 'origin/UAT'.

Untracked files:
  (use "git add <file>..." to include in what will be committed)
        uat.txt

nothing added to commit but untracked files present (use "git add" to track)

D:\VISHU\RHEL_DevOps_AWS\git>git branch
* UAT
  master
  master-repo

D:\VISHU\RHEL_DevOps_AWS\git>git add .

D:\VISHU\RHEL_DevOps_AWS\git>git commit -m "Added uat file on 25-12-2021"
[UAT 2ff0d32] Added uat file on 25-12-2021
 1 file changed, 1 insertion(+)
 create mode 100644 uat.txt

D:\VISHU\RHEL_DevOps_AWS\git>git push -u origin UAT
Enumerating objects: 4, done.
Counting objects: 100% (4/4), done.
Delta compression using up to 40 threads
Compressing objects: 100% (2/2), done.
Writing objects: 100% (3/3), 332 bytes | 332.00 KiB/s, done.
Total 3 (delta 1), reused 0 (delta 0), pack-reused 0
remote: Resolving deltas: 100% (1/1), completed with 1 local object.
To github.com:sunil848/github-repo-07Dec2021.git
   9d28a65..2ff0d32  UAT -> UAT
Branch 'UAT' set up to track remote branch 'UAT' from 'origin'.

D:\VISHU\RHEL_DevOps_AWS\git>git branch
* UAT
  master
  master-repo

D:\VISHU\RHEL_DevOps_AWS\git>git branch master
fatal: A branch named 'master' already exists.

D:\VISHU\RHEL_DevOps_AWS\git>git checkout master
Switched to branch 'master'
Your branch is up to date with 'origin/master'.

D:\VISHU\RHEL_DevOps_AWS\git>git branch
  UAT
* master
  master-repo

D:\VISHU\RHEL_DevOps_AWS\git>git merge UAT
Merge made by the 'ort' strategy.
 uat.txt | 1 +
 1 file changed, 1 insertion(+)
 create mode 100644 uat.txt

D:\VISHU\RHEL_DevOps_AWS\git>git log --oneline
412d59a (HEAD -> master) Merge branch 'UAT'
2ff0d32 (origin/UAT, UAT) Added uat file on 25-12-2021
df78b87 (origin/master) Merge pull request #1 from sunil848/master-repo
9d28a65 (origin/master-repo, master-repo) updated git-notes.txt on 25-12-2021
4d095f7 updated git-notes.txt
2777b8d Delete uat.txt
c1b4b03 Updated git-notes.txt on 25-12-2021
0ae6454 Merge branch 'UAT' into master-repo
fcd6d3e Updated file git-notes.txt on 25-12-2021
62c3283 Updated git-notes on 25-12-2021
0f101d6 Added uat.txt file on 25-12-2021
8a15a40 Updated git-notes on 25-12-2021
b31804e Updated git-notes on 24-12-2021-1
f8cd32f Updated git-notes on 24-12-2021
065eca0 Updated Git Notes - 23-12-2021
37ca45a Updated git-notes file on 09Dec2021
f0e9cca Updated git-notes on 09Dec2021 & created a newfile git-testfile1
62efff6 Updated git-notes 09-Dec-2021
675ef76 Deleted git-secondfile
c4da57d git-notes file updated & created git-second file
2bb7c25 git-notes file updated
edb6e4d Updated notes in git-notes file
2731c09 Changes made on git-notes & added new file to repo
c223db5 First check-in

D:\VISHU\RHEL_DevOps_AWS\git>git push -u origin master
Enumerating objects: 1, done.
Counting objects: 100% (1/1), done.
Writing objects: 100% (1/1), 227 bytes | 113.00 KiB/s, done.
Total 1 (delta 0), reused 0 (delta 0), pack-reused 0
To github.com:sunil848/github-repo-07Dec2021.git
   df78b87..412d59a  master -> master
Branch 'master' set up to track remote branch 'master' from 'origin'.


|-----------------------------------------------------------------------|
How to restore a file deleted in local from from remote repo


D:\VISHU\RHEL_DevOps_AWS\git>git branch
  UAT
* master
  master-repo

D:\VISHU\RHEL_DevOps_AWS\git>git pull origin master
From github.com:sunil848/github-repo-07Dec2021
 * branch            master     -> FETCH_HEAD
Already up to date.

D:\VISHU\RHEL_DevOps_AWS\git>git status
On branch master
Your branch is up to date with 'origin/master'.

Changes not staged for commit:
  (use "git add/rm <file>..." to update what will be committed)
  (use "git restore <file>..." to discard changes in working directory)
        deleted:    uat.txt

no changes added to commit (use "git add" and/or "git commit -a")

D:\VISHU\RHEL_DevOps_AWS\git>git restore uat.txt

D:\VISHU\RHEL_DevOps_AWS\git>git status
On branch master
Your branch is up to date with 'origin/master'.

nothing to commit, working tree clean

D:\VISHU\RHEL_DevOps_AWS\git>git add .

D:\VISHU\RHEL_DevOps_AWS\git>git commit -m "Restored the deleted file uat.txt using restore command"
On branch master
Your branch is up to date with 'origin/master'.

nothing to commit, working tree clean

D:\VISHU\RHEL_DevOps_AWS\git>git push
Everything up-to-date

D:\VISHU\RHEL_DevOps_AWS\git>git push -u origin master
Everything up-to-date
Branch 'master' set up to track remote branch 'master' from 'origin'.

D:\VISHU\RHEL_DevOps_AWS\git>git branch
  UAT
* master
  master-repo

D:\VISHU\RHEL_DevOps_AWS\git>dir
 Volume in drive D is SAM
 Volume Serial Number is 4A20-A0DD

 Directory of D:\VISHU\RHEL_DevOps_AWS\git

12/25/2021  02:55 PM    <DIR>          .
12/25/2021  02:55 PM    <DIR>          ..
12/07/2021  02:15 PM                24 git-firstfile.txt
12/25/2021  02:19 PM            40,532 git-notes.txt
12/25/2021  12:46 PM                95 git-testfile1.txt
12/25/2021  02:55 PM                49 uat.txt				--> Deleted file is restored
               4 File(s)         40,700 bytes
               2 Dir(s)  498,028,077,056 bytes free
|-----------------------------------------------------------------------|
Rebase concept
Caution: Not be used in prod env: as it changes the order of the base.

Example is provided in the snippet
|-----------------------------------------------------------------------|
Stash concept

